// Jest Snapshot v1, https://goo.gl/fbAQLP

exports[`LibraryView.vue matches the snapshot 1`] = `
<v-container-stub tag="div">
  <returnloancomponent-stub></returnloancomponent-stub>
  <h2>Lägg till bok att låna</h2>
  <libraryloancomponent-stub></libraryloancomponent-stub>
  <h2>Dina lån</h2>
  <loanlistcomponent-stub></loanlistcomponent-stub>
  <h2>Sök efter böcker</h2>
  <titlelistcomponent-stub></titlelistcomponent-stub>
</v-container-stub>
`;
